Archive member included to satisfy reference by file (symbol)

C:/ST/STM32CubeIDE_2.2.0/STM32CubeIDE/plugins/com.st.stm32cube.ide.mcu.externaltools.gnu-tools-for-stm32.14.3.rel1.win32_1.0.100.202602081740/tools/bin/../lib/gcc/arm-none-eabi/14.3.1/../../../../arm-none-eabi/lib/thumb/v7e-m+fp/hard\libc_nano.a(libc_a-exit.o)
                              C:/ST/STM32CubeIDE_2.2.0/STM32CubeIDE/plugins/com.st.stm32cube.ide.mcu.externaltools.gnu-tools-for-stm32.14.3.rel1.win32_1.0.100.202602081740/tools/bin/../lib/gcc/arm-none-eabi/14.3.1/../../../../arm-none-eabi/lib/thumb/v7e-m+fp/hard/crt0.o (exit)
C:/ST/STM32CubeIDE_2.2.0/STM32CubeIDE/plugins/com.st.stm32cube.ide.mcu.externaltools.gnu-tools-for-stm32.14.3.rel1.win32_1.0.100.202602081740/tools/bin/../lib/gcc/arm-none-eabi/14.3.1/../../../../arm-none-eabi/lib/thumb/v7e-m+fp/hard\libc_nano.a(libc_a-findfp.o)
                              C:/ST/STM32CubeIDE_2.2.0/STM32CubeIDE/plugins/com.st.stm32cube.ide.mcu.externaltools.gnu-tools-for-stm32.14.3.rel1.win32_1.0.100.202602081740/tools/bin/../lib/gcc/arm-none-eabi/14.3.1/../../../../arm-none-eabi/lib/thumb/v7e-m+fp/hard\libc_nano.a(libc_a-exit.o) (__stdio_exit_handler)
C:/ST/STM32CubeIDE_2.2.0/STM32CubeIDE/plugins/com.st.stm32cube.ide.mcu.externaltools.gnu-tools-for-stm32.14.3.rel1.win32_1.0.100.202602081740/tools/bin/../lib/gcc/arm-none-eabi/14.3.1/../../../../arm-none-eabi/lib/thumb/v7e-m+fp/hard\libc_nano.a(libc_a-fwalk.o)
                              C:/ST/STM32CubeIDE_2.2.0/STM32CubeIDE/plugins/com.st.stm32cube.ide.mcu.externaltools.gnu-tools-for-stm32.14.3.rel1.win32_1.0.100.202602081740/tools/bin/../lib/gcc/arm-none-eabi/14.3.1/../../../../arm-none-eabi/lib/thumb/v7e-m+fp/hard\libc_nano.a(libc_a-findfp.o) (_fwalk_sglue)
C:/ST/STM32CubeIDE_2.2.0/STM32CubeIDE/plugins/com.st.stm32cube.ide.mcu.externaltools.gnu-tools-for-stm32.14.3.rel1.win32_1.0.100.202602081740/tools/bin/../lib/gcc/arm-none-eabi/14.3.1/../../../../arm-none-eabi/lib/thumb/v7e-m+fp/hard\libc_nano.a(libc_a-stdio.o)
                              C:/ST/STM32CubeIDE_2.2.0/STM32CubeIDE/plugins/com.st.stm32cube.ide.mcu.externaltools.gnu-tools-for-stm32.14.3.rel1.win32_1.0.100.202602081740/tools/bin/../lib/gcc/arm-none-eabi/14.3.1/../../../../arm-none-eabi/lib/thumb/v7e-m+fp/hard\libc_nano.a(libc_a-findfp.o) (__sread)
C:/ST/STM32CubeIDE_2.2.0/STM32CubeIDE/plugins/com.st.stm32cube.ide.mcu.externaltools.gnu-tools-for-stm32.14.3.rel1.win32_1.0.100.202602081740/tools/bin/../lib/gcc/arm-none-eabi/14.3.1/../../../../arm-none-eabi/lib/thumb/v7e-m+fp/hard\libc_nano.a(libc_a-memset.o)
                              C:/ST/STM32CubeIDE_2.2.0/STM32CubeIDE/plugins/com.st.stm32cube.ide.mcu.externaltools.gnu-tools-for-stm32.14.3.rel1.win32_1.0.100.202602081740/tools/bin/../lib/gcc/arm-none-eabi/14.3.1/../../../../arm-none-eabi/lib/thumb/v7e-m+fp/hard/crt0.o (memset)
C:/ST/STM32CubeIDE_2.2.0/STM32CubeIDE/plugins/com.st.stm32cube.ide.mcu.externaltools.gnu-tools-for-stm32.14.3.rel1.win32_1.0.100.202602081740/tools/bin/../lib/gcc/arm-none-eabi/14.3.1/../../../../arm-none-eabi/lib/thumb/v7e-m+fp/hard\libc_nano.a(libc_a-closer.o)
                              C:/ST/STM32CubeIDE_2.2.0/STM32CubeIDE/plugins/com.st.stm32cube.ide.mcu.externaltools.gnu-tools-for-stm32.14.3.rel1.win32_1.0.100.202602081740/tools/bin/../lib/gcc/arm-none-eabi/14.3.1/../../../../arm-none-eabi/lib/thumb/v7e-m+fp/hard\libc_nano.a(libc_a-stdio.o) (_close_r)
C:/ST/STM32CubeIDE_2.2.0/STM32CubeIDE/plugins/com.st.stm32cube.ide.mcu.externaltools.gnu-tools-for-stm32.14.3.rel1.win32_1.0.100.202602081740/tools/bin/../lib/gcc/arm-none-eabi/14.3.1/../../../../arm-none-eabi/lib/thumb/v7e-m+fp/hard\libc_nano.a(libc_a-reent.o)
                              C:/ST/STM32CubeIDE_2.2.0/STM32CubeIDE/plugins/com.st.stm32cube.ide.mcu.externaltools.gnu-tools-for-stm32.14.3.rel1.win32_1.0.100.202602081740/tools/bin/../lib/gcc/arm-none-eabi/14.3.1/../../../../arm-none-eabi/lib/thumb/v7e-m+fp/hard\libc_nano.a(libc_a-closer.o) (errno)
C:/ST/STM32CubeIDE_2.2.0/STM32CubeIDE/plugins/com.st.stm32cube.ide.mcu.externaltools.gnu-tools-for-stm32.14.3.rel1.win32_1.0.100.202602081740/tools/bin/../lib/gcc/arm-none-eabi/14.3.1/../../../../arm-none-eabi/lib/thumb/v7e-m+fp/hard\libc_nano.a(libc_a-impure.o)
                              C:/ST/STM32CubeIDE_2.2.0/STM32CubeIDE/plugins/com.st.stm32cube.ide.mcu.externaltools.gnu-tools-for-stm32.14.3.rel1.win32_1.0.100.202602081740/tools/bin/../lib/gcc/arm-none-eabi/14.3.1/../../../../arm-none-eabi/lib/thumb/v7e-m+fp/hard\libc_nano.a(libc_a-reent.o) (_impure_ptr)
C:/ST/STM32CubeIDE_2.2.0/STM32CubeIDE/plugins/com.st.stm32cube.ide.mcu.externaltools.gnu-tools-for-stm32.14.3.rel1.win32_1.0.100.202602081740/tools/bin/../lib/gcc/arm-none-eabi/14.3.1/../../../../arm-none-eabi/lib/thumb/v7e-m+fp/hard\libc_nano.a(libc_a-lseekr.o)
[...]
Memory Configuration

Name             Origin             Length             Attributes
RAM              0x20000000         0x00020000         xrw
FLASH            0x08000000         0x00080000         xr
*default*        0x00000000         0xffffffff

Linker script and memory map

LOAD C:/ST/STM32CubeIDE_2.2.0/STM32CubeIDE/plugins/com.st.stm32cube.ide.mcu.externaltools.gnu-tools-for-stm32.14.3.rel1.win32_1.0.100.202602081740/tools/bin/../lib/gcc/arm-none-eabi/14.3.1/thumb/v7e-m+fp/hard/crti.o
LOAD C:/ST/STM32CubeIDE_2.2.0/STM32CubeIDE/plugins/com.st.stm32cube.ide.mcu.externaltools.gnu-tools-for-stm32.14.3.rel1.win32_1.0.100.202602081740/tools/bin/../lib/gcc/arm-none-eabi/14.3.1/thumb/v7e-m+fp/hard/crtbegin.o
LOAD C:/ST/STM32CubeIDE_2.2.0/STM32CubeIDE/plugins/com.st.stm32cube.ide.mcu.externaltools.gnu-tools-for-stm32.14.3.rel1.win32_1.0.100.202602081740/tools/bin/../lib/gcc/arm-none-eabi/14.3.1/../../../../arm-none-eabi/lib/thumb/v7e-m+fp/hard/crt0.o
LOAD ./Src/adc_driver.o
LOAD ./Src/dma_driver.o
LOAD ./Src/gpio_driver.o
LOAD ./Src/main.o
LOAD ./Src/syscalls.o
LOAD ./Src/sysmem.o
LOAD ./Src/systick_driver.o
LOAD ./Src/uart_driver.o
LOAD ./Startup/startup_stm32f446retx.o
START GROUP
LOAD C:/ST/STM32CubeIDE_2.2.0/STM32CubeIDE/plugins/com.st.stm32cube.ide.mcu.externaltools.gnu-tools-for-stm32.14.3.rel1.win32_1.0.100.202602081740/tools/bin/../lib/gcc/arm-none-eabi/14.3.1/../../../../arm-none-eabi/lib/thumb/v7e-m+fp/hard\libc_nano.a
LOAD C:/ST/STM32CubeIDE_2.2.0/STM32CubeIDE/plugins/com.st.stm32cube.ide.mcu.externaltools.gnu-tools-for-stm32.14.3.rel1.win32_1.0.100.202602081740/tools/bin/../lib/gcc/arm-none-eabi/14.3.1/../../../../arm-none-eabi/lib/thumb/v7e-m+fp/hard\libm.a
END GROUP
START GROUP
LOAD C:/ST/STM32CubeIDE_2.2.0/STM32CubeIDE/plugins/com.st.stm32cube.ide.mcu.externaltools.gnu-tools-for-stm32.14.3.rel1.win32_1.0.100.202602081740/tools/bin/../lib/gcc/arm-none-eabi/14.3.1/thumb/v7e-m+fp/hard\libgcc.a
LOAD C:/ST/STM32CubeIDE_2.2.0/STM32CubeIDE/plugins/com.st.stm32cube.ide.mcu.externaltools.gnu-tools-for-stm32.14.3.rel1.win32_1.0.100.202602081740/tools/bin/../lib/gcc/arm-none-eabi/14.3.1/../../../../arm-none-eabi/lib/thumb/v7e-m+fp/hard\libc_nano.a
END GROUP
START GROUP
LOAD C:/ST/STM32CubeIDE_2.2.0/STM32CubeIDE/plugins/com.st.stm32cube.ide.mcu.externaltools.gnu-tools-for-stm32.14.3.rel1.win32_1.0.100.202602081740/tools/bin/../lib/gcc/arm-none-eabi/14.3.1/thumb/v7e-m+fp/hard\libgcc.a
LOAD C:/ST/STM32CubeIDE_2.2.0/STM32CubeIDE/plugins/com.st.stm32cube.ide.mcu.externaltools.gnu-tools-for-stm32.14.3.rel1.win32_1.0.100.202602081740/tools/bin/../lib/gcc/arm-none-eabi/14.3.1/../../../../arm-none-eabi/lib/thumb/v7e-m+fp/hard\libc_nano.a
LOAD C:/ST/STM32CubeIDE_2.2.0/STM32CubeIDE/plugins/com.st.stm32cube.ide.mcu.externaltools.gnu-tools-for-stm32.14.3.rel1.win32_1.0.100.202602081740/tools/bin/../lib/gcc/arm-none-eabi/14.3.1/../../../../arm-none-eabi/lib/thumb/v7e-m+fp/hard\libnosys.a
END GROUP
START GROUP
LOAD C:/ST/STM32CubeIDE_2.2.0/STM32CubeIDE/plugins/com.st.stm32cube.ide.mcu.externaltools.gnu-tools-for-stm32.14.3.rel1.win32_1.0.100.202602081740/tools/bin/../lib/gcc/arm-none-eabi/14.3.1/thumb/v7e-m+fp/hard\libgcc.a
LOAD C:/ST/STM32CubeIDE_2.2.0/STM32CubeIDE/plugins/com.st.stm32cube.ide.mcu.externaltools.gnu-tools-for-stm32.14.3.rel1.win32_1.0.100.202602081740/tools/bin/../lib/gcc/arm-none-eabi/14.3.1/../../../../arm-none-eabi/lib/thumb/v7e-m+fp/hard\libc_nano.a
LOAD C:/ST/STM32CubeIDE_2.2.0/STM32CubeIDE/plugins/com.st.stm32cube.ide.mcu.externaltools.gnu-tools-for-stm32.14.3.rel1.win32_1.0.100.202602081740/tools/bin/../lib/gcc/arm-none-eabi/14.3.1/../../../../arm-none-eabi/lib/thumb/v7e-m+fp/hard\libnosys.a
END GROUP
LOAD C:/ST/STM32CubeIDE_2.2.0/STM32CubeIDE/plugins/com.st.stm32cube.ide.mcu.externaltools.gnu-tools-for-stm32.14.3.rel1.win32_1.0.100.202602081740/tools/bin/../lib/gcc/arm-none-eabi/14.3.1/thumb/v7e-m+fp/hard/crtend.o
LOAD C:/ST/STM32CubeIDE_2.2.0/STM32CubeIDE/plugins/com.st.stm32cube.ide.mcu.externaltools.gnu-tools-for-stm32.14.3.rel1.win32_1.0.100.202602081740/tools/bin/../lib/gcc/arm-none-eabi/14.3.1/thumb/v7e-m+fp/hard/crtn.o
                0x20020000                        _estack = (ORIGIN (RAM) + LENGTH (RAM))
                0x00000200                        _Min_Heap_Size = 0x200
                0x00000400                        _Min_Stack_Size = 0x400

.isr_vector     0x08000000      0x1c4
                0x08000000                        . = ALIGN (0x4)
 *(.isr_vector)
 .isr_vector    0x08000000      0x1c4 ./Startup/startup_stm32f446retx.o
                0x08000000                g_pfnVectors
                0x080001c4                        . = ALIGN (0x4)

.text           0x080001c4      0x580
                0x080001c4                        . = ALIGN (0x4)
 *(.text)
 .text          0x080001c4       0x40 C:/ST/STM32CubeIDE_2.2.0/STM32CubeIDE/plugins/com.st.stm32cube.ide.mcu.externaltools.gnu-tools-for-stm32.14.3.rel1.win32_1.0.100.202602081740/tools/bin/../lib/gcc/arm-none-eabi/14.3.1/thumb/v7e-m+fp/hard/crtbegin.o
 *(.text*)
 .text.ADC_Init
                0x08000204       0x8c ./Src/adc_driver.o
                0x08000204                ADC_Init
 .text.__NVIC_EnableIRQ
                0x08000290       0x3c ./Src/dma_driver.o
 .text.DMA2_Stream0_Init
                0x080002cc       0xa8 ./Src/dma_driver.o
                0x080002cc                DMA2_Stream0_Init
 .text.DMA2_Stream0_IRQHandler
                0x08000374       0x30 ./Src/dma_driver.o
                0x08000374                DMA2_Stream0_IRQHandler
 .text.DMA_TransferComplete
                0x080003a4       0x28 ./Src/dma_driver.o
                0x080003a4                DMA_TransferComplete
 .text.DMA2_Stream0_Stop
                0x080003cc       0x30 ./Src/dma_driver.o
                0x080003cc                DMA2_Stream0_Stop
 .text.DMA2_Stream0_Start
                0x080003fc       0x20 ./Src/dma_driver.o
                0x080003fc                DMA2_Stream0_Start
 .text.GPIO_Init
                0x0800041c       0x4c ./Src/gpio_driver.o
                0x0800041c                GPIO_Init
 .text.main     0x08000468       0x88 ./Src/main.o
                0x08000468                main
 .text.SysTick_Init
                0x080004f0       0x28 ./Src/systick_driver.o
                0x080004f0                SysTick_Init
 .text.SysTick_Handler
                0x08000518       0x1c ./Src/systick_driver.o
                0x08000518                SysTick_Handler
 .text.UART_Init
                0x08000534       0x78 ./Src/uart_driver.o
                0x08000534                UART_Init
 .text.UART_WriteChar
                0x080005ac       0x30 ./Src/uart_driver.o
                0x080005ac                UART_WriteChar
 .text.UART_WriteString
                0x080005dc       0x2c ./Src/uart_driver.o
                0x080005dc                UART_WriteString
 .text.UART_WriteInt
                0x08000608       0x88 ./Src/uart_driver.o
                0x08000608                UART_WriteInt
 .text.Reset_Handler
                0x08000690       0x50 ./Startup/startup_stm32f446retx.o
                0x08000690                Reset_Handler
 .text.Default_Handler
                0x080006e0        0x2 ./Startup/startup_stm32f446retx.o
                0x080006e0                RTC_Alarm_IRQHandler
                0x080006e0                EXTI2_IRQHandler
                0x080006e0                TIM8_CC_IRQHandler
                0x080006e0                SPDIF_Rx_IRQHandler
                0x080006e0                DebugMon_Handler
                0x080006e0                SPI4_IRQHandler
                0x080006e0                TIM1_CC_IRQHandler
                0x080006e0                QuadSPI_IRQHandler
                0x080006e0                DMA2_Stream5_IRQHandler
                0x080006e0                HardFault_Handler
                0x080006e0                DMA1_Stream5_IRQHandler
                0x080006e0                PVD_IRQHandler
                0x080006e0                SDIO_IRQHandler
                0x080006e0                TAMP_STAMP_IRQHandler
                0x080006e0                PendSV_Handler
                0x080006e0                NMI_Handler
                0x080006e0                CAN2_RX1_IRQHandler
                0x080006e0                EXTI3_IRQHandler
                0x080006e0                TIM8_TRG_COM_TIM14_IRQHandler
                0x080006e0                TIM1_UP_TIM10_IRQHandler
                0x080006e0                FMPI2C1_error_IRQHandler
                0x080006e0                TIM8_UP_TIM13_IRQHandler
                0x080006e0                I2C3_ER_IRQHandler
                0x080006e0                EXTI0_IRQHandler
                0x080006e0                I2C2_EV_IRQHandler
                0x080006e0                DMA1_Stream2_IRQHandler
                0x080006e0                CAN1_RX0_IRQHandler
                0x080006e0                OTG_HS_WKUP_IRQHandler
                0x080006e0                UsageFault_Handler
                0x080006e0                CAN2_SCE_IRQHandler
                0x080006e0                DMA2_Stream2_IRQHandler
                0x080006e0                SPI1_IRQHandler
                0x080006e0                TIM6_DAC_IRQHandler
                0x080006e0                TIM1_BRK_TIM9_IRQHandler
                0x080006e0                DCMI_IRQHandler
                0x080006e0                CAN2_RX0_IRQHandler
                0x080006e0                DMA2_Stream3_IRQHandler
                0x080006e0                FMPI2C1_IRQHandler
                0x080006e0                SAI2_IRQHandler
                0x080006e0                USART6_IRQHandler
                0x080006e0                USART3_IRQHandler
                0x080006e0                CAN1_RX1_IRQHandler
                0x080006e0                UART5_IRQHandler
                0x080006e0                TIM4_IRQHandler
                0x080006e0                I2C1_EV_IRQHandler
                0x080006e0                HDMI_CEC_IRQHandler
                0x080006e0                DMA1_Stream6_IRQHandler
                0x080006e0                DMA1_Stream1_IRQHandler
                0x080006e0                UART4_IRQHandler
                0x080006e0                TIM3_IRQHandler
                0x080006e0                RCC_IRQHandler
                0x080006e0                TIM8_BRK_TIM12_IRQHandler
                0x080006e0                Default_Handler
                0x080006e0                EXTI15_10_IRQHandler
                0x080006e0                ADC_IRQHandler
                0x080006e0                DMA1_Stream7_IRQHandler
                0x080006e0                TIM7_IRQHandler
                0x080006e0                CAN2_TX_IRQHandler
                0x080006e0                TIM5_IRQHandler
                0x080006e0                DMA2_Stream7_IRQHandler
                0x080006e0                I2C3_EV_IRQHandler
                0x080006e0                EXTI9_5_IRQHandler
                0x080006e0                RTC_WKUP_IRQHandler
                0x080006e0                SPI2_IRQHandler
                0x080006e0                OTG_HS_EP1_IN_IRQHandler
                0x080006e0                MemManage_Handler
                0x080006e0                DMA1_Stream0_IRQHandler
                0x080006e0                CAN1_TX_IRQHandler
                0x080006e0                SVC_Handler
                0x080006e0                EXTI4_IRQHandler
                0x080006e0                OTG_HS_EP1_OUT_IRQHandler
                0x080006e0                WWDG_IRQHandler
                0x080006e0                TIM2_IRQHandler
                0x080006e0                OTG_FS_WKUP_IRQHandler
                0x080006e0                TIM1_TRG_COM_TIM11_IRQHandler
                0x080006e0                OTG_HS_IRQHandler
                0x080006e0                EXTI1_IRQHandler
                0x080006e0                USART2_IRQHandler
                0x080006e0                I2C2_ER_IRQHandler
                0x080006e0                DMA2_Stream1_IRQHandler
                0x080006e0                CAN1_SCE_IRQHandler
                0x080006e0                FLASH_IRQHandler
                0x080006e0                DMA2_Stream4_IRQHandler
                0x080006e0                BusFault_Handler
                0x080006e0                USART1_IRQHandler
                0x080006e0                OTG_FS_IRQHandler
                0x080006e0                SPI3_IRQHandler
                0x080006e0                DMA1_Stream4_IRQHandler
                0x080006e0                I2C1_ER_IRQHandler
                0x080006e0                FMC_IRQHandler
                0x080006e0                DMA2_Stream6_IRQHandler
                0x080006e0                SAI1_IRQHandler
                0x080006e0                DMA1_Stream3_IRQHandler
 *fill*         0x080006e2        0x2 
 .text.__libc_init_array
                0x080006e4       0x48 C:/ST/STM32CubeIDE_2.2.0/STM32CubeIDE/plugins/com.st.stm32cube.ide.mcu.externaltools.gnu-tools-for-stm32.14.3.rel1.win32_1.0.100.202602081740/tools/bin/../lib/gcc/arm-none-eabi/14.3.1/../../../../arm-none-eabi/lib/thumb/v7e-m+fp/hard\libc_nano.a(libc_a-init.o)
                0x080006e4                __libc_init_array
 *(.glue_7)
 .glue_7        0x0800072c        0x0 linker stubs
 *(.glue_7t)
 .glue_7t       0x0800072c        0x0 linker stubs
 *(.eh_frame)
 .eh_frame      0x0800072c        0x0 C:/ST/STM32CubeIDE_2.2.0/STM32CubeIDE/plugins/com.st.stm32cube.ide.mcu.externaltools.gnu-tools-for-stm32.14.3.rel1.win32_1.0.100.202602081740/tools/bin/../lib/gcc/arm-none-eabi/14.3.1/thumb/v7e-m+fp/hard/crtbegin.o
 *(.init)
 .init          0x0800072c        0x4 C:/ST/STM32CubeIDE_2.2.0/STM32CubeIDE/plugins/com.st.stm32cube.ide.mcu.externaltools.gnu-tools-for-stm32.14.3.rel1.win32_1.0.100.202602081740/tools/bin/../lib/gcc/arm-none-eabi/14.3.1/thumb/v7e-m+fp/hard/crti.o
                0x0800072c                _init
 .init          0x08000730        0x8 C:/ST/STM32CubeIDE_2.2.0/STM32CubeIDE/plugins/com.st.stm32cube.ide.mcu.externaltools.gnu-tools-for-stm32.14.3.rel1.win32_1.0.100.202602081740/tools/bin/../lib/gcc/arm-none-eabi/14.3.1/thumb/v7e-m+fp/hard/crtn.o
 *(.fini)
 .fini          0x08000738        0x4 C:/ST/STM32CubeIDE_2.2.0/STM32CubeIDE/plugins/com.st.stm32cube.ide.mcu.externaltools.gnu-tools-for-stm32.14.3.rel1.win32_1.0.100.202602081740/tools/bin/../lib/gcc/arm-none-eabi/14.3.1/thumb/v7e-m+fp/hard/crti.o
                0x08000738                _fini
 .fini          0x0800073c        0x8 C:/ST/STM32CubeIDE_2.2.0/STM32CubeIDE/plugins/com.st.stm32cube.ide.mcu.externaltools.gnu-tools-for-stm32.14.3.rel1.win32_1.0.100.202602081740/tools/bin/../lib/gcc/arm-none-eabi/14.3.1/thumb/v7e-m+fp/hard/crtn.o
                0x08000744                        . = ALIGN (0x4)
                0x08000744                        _etext = .

.vfp11_veneer   0x08000744        0x0
 .vfp11_veneer  0x08000744        0x0 linker stubs

.v4_bx          0x08000744        0x0
 .v4_bx         0x08000744        0x0 linker stubs

.iplt           0x08000744        0x0
 .iplt          0x08000744        0x0 C:/ST/STM32CubeIDE_2.2.0/STM32CubeIDE/plugins/com.st.stm32cube.ide.mcu.externaltools.gnu-tools-for-stm32.14.3.rel1.win32_1.0.100.202602081740/tools/bin/../lib/gcc/arm-none-eabi/14.3.1/thumb/v7e-m+fp/hard/crtbegin.o

.rodata         0x08000744       0x14
                0x08000744                        . = ALIGN (0x4)
 *(.rodata)
 .rodata        0x08000744       0x13 ./Src/main.o
 *(.rodata*)
                0x08000758                        . = ALIGN (0x4)
 *fill*         0x08000757        0x1 

.ARM.extab      0x08000758        0x0
                0x08000758                        . = ALIGN (0x4)
 *(.ARM.extab* .gnu.linkonce.armextab.*)
                0x08000758                        . = ALIGN (0x4)

.ARM            0x08000758        0x0
                0x08000758                        . = ALIGN (0x4)
                0x08000758                        __exidx_start = .
 *(.ARM.exidx*)
                0x08000758                        __exidx_end = .
                0x08000758                        . = ALIGN (0x4)

.preinit_array  0x08000758        0x0
                0x08000758                        . = ALIGN (0x4)
                0x08000758                        PROVIDE (__preinit_array_start = .)
 *(.preinit_array*)
                0x08000758                        PROVIDE (__preinit_array_end = .)
                0x08000758                        . = ALIGN (0x4)

.init_array     0x08000758        0x4
                0x08000758                        . = ALIGN (0x4)
                0x08000758                        PROVIDE (__init_array_start = .)
 *(SORT_BY_NAME(.init_array.*))
 *(.init_array*)
 .init_array    0x08000758        0x4 C:/ST/STM32CubeIDE_2.2.0/STM32CubeIDE/plugins/com.st.stm32cube.ide.mcu.externaltools.gnu-tools-for-stm32.14.3.rel1.win32_1.0.100.202602081740/tools/bin/../lib/gcc/arm-none-eabi/14.3.1/thumb/v7e-m+fp/hard/crtbegin.o
                0x0800075c                        PROVIDE (__init_array_end = .)
                0x0800075c                        . = ALIGN (0x4)

.fini_array     0x0800075c        0x4
                0x0800075c                        . = ALIGN (0x4)
                [!provide]                        PROVIDE (__fini_array_start = .)
 *(SORT_BY_NAME(.fini_array.*))
 *(.fini_array*)
 .fini_array    0x0800075c        0x4 C:/ST/STM32CubeIDE_2.2.0/STM32CubeIDE/plugins/com.st.stm32cube.ide.mcu.externaltools.gnu-tools-for-stm32.14.3.rel1.win32_1.0.100.202602081740/tools/bin/../lib/gcc/arm-none-eabi/14.3.1/thumb/v7e-m+fp/hard/crtbegin.o
                [!provide]                        PROVIDE (__fini_array_end = .)
                0x08000760                        . = ALIGN (0x4)
                0x08000760                        _sidata = LOADADDR (.data)

.rel.dyn        0x08000760        0x0
 .rel.iplt      0x08000760        0x0 C:/ST/STM32CubeIDE_2.2.0/STM32CubeIDE/plugins/com.st.stm32cube.ide.mcu.externaltools.gnu-tools-for-stm32.14.3.rel1.win32_1.0.100.202602081740/tools/bin/../lib/gcc/arm-none-eabi/14.3.1/thumb/v7e-m+fp/hard/crtbegin.o

.data           0x20000000        0x0 load address 0x08000760
                0x20000000                        . = ALIGN (0x4)
                0x20000000                        _sdata = .
 *(.data)
 *(.data*)
 *(.RamFunc)
 *(.RamFunc*)
                0x20000000                        . = ALIGN (0x4)
                0x20000000                        _edata = .

.igot.plt       0x20000000        0x0 load address 0x08000760
 .igot.plt      0x20000000        0x0 C:/ST/STM32CubeIDE_2.2.0/STM32CubeIDE/plugins/com.st.stm32cube.ide.mcu.externaltools.gnu-tools-for-stm32.14.3.rel1.win32_1.0.100.202602081740/tools/bin/../lib/gcc/arm-none-eabi/14.3.1/thumb/v7e-m+fp/hard/crtbegin.o
                0x20000000                        . = ALIGN (0x4)

.bss            0x20000000       0x34 load address 0x08000760
                0x20000000                        _sbss = .
                0x20000000                        __bss_start__ = _sbss
 *(.bss)
 .bss           0x20000000       0x1c C:/ST/STM32CubeIDE_2.2.0/STM32CubeIDE/plugins/com.st.stm32cube.ide.mcu.externaltools.gnu-tools-for-stm32.14.3.rel1.win32_1.0.100.202602081740/tools/bin/../lib/gcc/arm-none-eabi/14.3.1/thumb/v7e-m+fp/hard/crtbegin.o
 *(.bss*)
 .bss.dma_transfer_complete
                0x2000001c        0x1 ./Src/dma_driver.o
 *fill*         0x2000001d        0x3 
 .bss.adc_buffer
                0x20000020       0x10 ./Src/main.o
                0x20000020                adc_buffer
 .bss.tickCount
                0x20000030        0x4 ./Src/systick_driver.o
 *(COMMON)
                0x20000034                        . = ALIGN (0x4)
                0x20000034                        _ebss = .
                0x20000034                        __bss_end__ = _ebss

._user_heap_stack
                0x20000034      0x604 load address 0x08000760
                0x20000038                        . = ALIGN (0x8)
 *fill*         0x20000034        0x4 
                [!provide]                        PROVIDE (end = .)
                0x20000038                        PROVIDE (_end = .)
                0x20000238                        . = (. + _Min_Heap_Size)
 *fill*         0x20000038      0x200 
                0x20000638                        . = (. + _Min_Stack_Size)
 *fill*         0x20000238      0x400 
                0x20000638                        . = ALIGN (0x8)

/DISCARD/
 libc.a(*)
 libm.a(*)
 libgcc.a(*)

.ARM.attributes
                0x00000000       0x30
 *(.ARM.attributes)
 .ARM.attributes
                0x00000000       0x22 C:/ST/STM32CubeIDE_2.2.0/STM32CubeIDE/plugins/com.st.stm32cube.ide.mcu.externaltools.gnu-tools-for-stm32.14.3.rel1.win32_1.0.100.202602081740/tools/bin/../lib/gcc/arm-none-eabi/14.3.1/thumb/v7e-m+fp/hard/crti.o
 .ARM.attributes
                0x00000022       0x34 C:/ST/STM32CubeIDE_2.2.0/STM32CubeIDE/plugins/com.st.stm32cube.ide.mcu.externaltools.gnu-tools-for-stm32.14.3.rel1.win32_1.0.100.202602081740/tools/bin/../lib/gcc/arm-none-eabi/14.3.1/thumb/v7e-m+fp/hard/crtbegin.o
 .ARM.attributes
                0x00000056       0x34 ./Src/adc_driver.o
 .ARM.attributes
                0x0000008a       0x34 ./Src/dma_driver.o
 .ARM.attributes
                0x000000be       0x34 ./Src/gpio_driver.o
 .ARM.attributes
                0x000000f2       0x34 ./Src/main.o
 .ARM.attributes
                0x00000126       0x34 ./Src/systick_driver.o
 .ARM.attributes
                0x0000015a       0x34 ./Src/uart_driver.o
 .ARM.attributes
                0x0000018e       0x21 ./Startup/startup_stm32f446retx.o
 .ARM.attributes
                0x000001af       0x34 C:/ST/STM32CubeIDE_2.2.0/STM32CubeIDE/plugins/com.st.stm32cube.ide.mcu.externaltools.gnu-tools-for-stm32.14.3.rel1.win32_1.0.100.202602081740/tools/bin/../lib/gcc/arm-none-eabi/14.3.1/../../../../arm-none-eabi/lib/thumb/v7e-m+fp/hard\libc_nano.a(libc_a-init.o)
 .ARM.attributes
                0x000001e3       0x22 C:/ST/STM32CubeIDE_2.2.0/STM32CubeIDE/plugins/com.st.stm32cube.ide.mcu.externaltools.gnu-tools-for-stm32.14.3.rel1.win32_1.0.100.202602081740/tools/bin/../lib/gcc/arm-none-eabi/14.3.1/thumb/v7e-m+fp/hard/crtn.o
OUTPUT(dma_data_logger.elf elf32-littlearm)
LOAD linker stubs
LOAD C:/ST/STM32CubeIDE_2.2.0/STM32CubeIDE/plugins/com.st.stm32cube.ide.mcu.externaltools.gnu-tools-for-stm32.14.3.rel1.win32_1.0.100.202602081740/tools/bin/../lib/gcc/arm-none-eabi/14.3.1/../../../../arm-none-eabi/lib/thumb/v7e-m+fp/hard\libc.a
LOAD C:/ST/STM32CubeIDE_2.2.0/STM32CubeIDE/plugins/com.st.stm32cube.ide.mcu.externaltools.gnu-tools-for-stm32.14.3.rel1.win32_1.0.100.202602081740/tools/bin/../lib/gcc/arm-none-eabi/14.3.1/../../../../arm-none-eabi/lib/thumb/v7e-m+fp/hard\libm.a
LOAD C:/ST/STM32CubeIDE_2.2.0/STM32CubeIDE/plugins/com.st.stm32cube.ide.mcu.externaltools.gnu-tools-for-stm32.14.3.rel1.win32_1.0.100.202602081740/tools/bin/../lib/gcc/arm-none-eabi/14.3.1/thumb/v7e-m+fp/hard\libgcc.a

.debug_info     0x00000000     0x174a
 .debug_info    0x00000000      0x40c ./Src/adc_driver.o
 .debug_info    0x0000040c      0x79a ./Src/dma_driver.o
 .debug_info    0x00000ba6      0x382 ./Src/gpio_driver.o
 .debug_info    0x00000f28      0x286 ./Src/main.o
 .debug_info    0x000011ae      0x157 ./Src/systick_driver.o
 .debug_info    0x00001305      0x415 ./Src/uart_driver.o
 .debug_info    0x0000171a       0x30 ./Startup/startup_stm32f446retx.o

.debug_abbrev   0x00000000      0x734
 .debug_abbrev  0x00000000      0x106 ./Src/adc_driver.o
 .debug_abbrev  0x00000106      0x196 ./Src/dma_driver.o
 .debug_abbrev  0x0000029c      0x102 ./Src/gpio_driver.o
 .debug_abbrev  0x0000039e      0x127 ./Src/main.o
 .debug_abbrev  0x000004c5       0xff ./Src/systick_driver.o
 .debug_abbrev  0x000005c4      0x14c ./Src/uart_driver.o
 .debug_abbrev  0x00000710       0x24 ./Startup/startup_stm32f446retx.o

.debug_aranges  0x00000000      0x168
 .debug_aranges
                0x00000000       0x28 ./Src/adc_driver.o
 .debug_aranges
                0x00000028       0x48 ./Src/dma_driver.o
 .debug_aranges
                0x00000070       0x40 ./Src/gpio_driver.o
 .debug_aranges
                0x000000b0       0x20 ./Src/main.o
 .debug_aranges
                0x000000d0       0x38 ./Src/systick_driver.o
 .debug_aranges
                0x00000108       0x38 ./Src/uart_driver.o
 .debug_aranges
                0x00000140       0x28 ./Startup/startup_stm32f446retx.o

.debug_rnglists
                0x00000000       0xef
 .debug_rnglists
                0x00000000       0x1a ./Src/adc_driver.o
 .debug_rnglists
                0x0000001a       0x32 ./Src/dma_driver.o
 .debug_rnglists
                0x0000004c       0x2b ./Src/gpio_driver.o
 .debug_rnglists
                0x00000077       0x14 ./Src/main.o
 .debug_rnglists
                0x0000008b       0x25 ./Src/systick_driver.o
 .debug_rnglists
                0x000000b0       0x26 ./Src/uart_driver.o
 .debug_rnglists
                0x000000d6       0x19 ./Startup/startup_stm32f446retx.o

.debug_macro    0x00000000    0x18f9e
 .debug_macro   0x00000000       0xea ./Src/adc_driver.o
 .debug_macro   0x000000ea      0xaea ./Src/adc_driver.o
 .debug_macro   0x00000bd4       0x28 ./Src/adc_driver.o
 .debug_macro   0x00000bfc       0x28 ./Src/adc_driver.o
 .debug_macro   0x00000c24       0x22 ./Src/adc_driver.o
 .debug_macro   0x00000c46       0x8e ./Src/adc_driver.o
 .debug_macro   0x00000cd4       0x51 ./Src/adc_driver.o
 .debug_macro   0x00000d25      0x103 ./Src/adc_driver.o
 .debug_macro   0x00000e28       0x6a ./Src/adc_driver.o
 .debug_macro   0x00000e92      0x1df ./Src/adc_driver.o
 .debug_macro   0x00001071       0x1c ./Src/adc_driver.o
 .debug_macro   0x0000108d       0x22 ./Src/adc_driver.o
 .debug_macro   0x000010af       0xfb ./Src/adc_driver.o
 .debug_macro   0x000011aa     0x1011 ./Src/adc_driver.o
 .debug_macro   0x000021bb      0x11f ./Src/adc_driver.o
 .debug_macro   0x000022da    0x16749 ./Src/adc_driver.o
 .debug_macro   0x00018a23       0x6d ./Src/adc_driver.o
 .debug_macro   0x00018a90      0x120 ./Src/dma_driver.o
 .debug_macro   0x00018bb0       0xf0 ./Src/gpio_driver.o
 .debug_macro   0x00018ca0      0x100 ./Src/main.o
 .debug_macro   0x00018da0       0xf0 ./Src/systick_driver.o
 .debug_macro   0x00018e90      0x10e ./Src/uart_driver.o

.debug_line     0x00000000     0x240e
 .debug_line    0x00000000      0x5b4 ./Src/adc_driver.o
 .debug_line    0x000005b4      0x666 ./Src/dma_driver.o
 .debug_line    0x00000c1a      0x5ea ./Src/gpio_driver.o
 .debug_line    0x00001204      0x5be ./Src/main.o
 .debug_line    0x000017c2      0x5ba ./Src/systick_driver.o
 .debug_line    0x00001d7c      0x617 ./Src/uart_driver.o
 .debug_line    0x00002393       0x7b ./Startup/startup_stm32f446retx.o

.debug_str      0x00000000    0x8bb94
 .debug_str     0x00000000    0x8bb94 ./Src/adc_driver.o
                              0x8b2f8 (size before relaxing)
 .debug_str     0x0008bb94    0x8b967 ./Src/dma_driver.o
 .debug_str     0x0008bb94    0x8b313 ./Src/gpio_driver.o
 .debug_str     0x0008bb94    0x8b244 ./Src/main.o
 .debug_str     0x0008bb94    0x8b1ba ./Src/systick_driver.o
 .debug_str     0x0008bb94    0x8b33b ./Src/uart_driver.o
 .debug_str     0x0008bb94       0x7c ./Startup/startup_stm32f446retx.o

.comment        0x00000000       0x43
 .comment       0x00000000       0x43 ./Src/adc_driver.o
                                 0x44 (size before relaxing)
 .comment       0x00000043       0x44 ./Src/dma_driver.o
 .comment       0x00000043       0x44 ./Src/gpio_driver.o
 .comment       0x00000043       0x44 ./Src/main.o
 .comment       0x00000043       0x44 ./Src/systick_driver.o
 .comment       0x00000043       0x44 ./Src/uart_driver.o

.debug_frame    0x00000000      0x330
 .debug_frame   0x00000000       0x48 ./Src/adc_driver.o
 .debug_frame   0x00000048       0xc8 ./Src/dma_driver.o
 .debug_frame   0x00000110       0xa4 ./Src/gpio_driver.o
 .debug_frame   0x000001b4       0x30 ./Src/main.o
 .debug_frame   0x000001e4       0x88 ./Src/systick_driver.o
 .debug_frame   0x0000026c       0x98 ./Src/uart_driver.o
 .debug_frame   0x00000304       0x2c C:/ST/STM32CubeIDE_2.2.0/STM32CubeIDE/plugins/com.st.stm32cube.ide.mcu.externaltools.gnu-tools-for-stm32.14.3.rel1.win32_1.0.100.202602081740/tools/bin/../lib/gcc/arm-none-eabi/14.3.1/../../../../arm-none-eabi/lib/thumb/v7e-m+fp/hard\libc_nano.a(libc_a-init.o)

.debug_line_str
                0x00000000       0x60
 .debug_line_str
                0x00000000       0x60 ./Startup/startup_stm32f446retx.o
