Archive member included to satisfy reference by file (symbol)

C:/ST/STM32CubeIDE_2.2.0/STM32CubeIDE/plugins/com.st.stm32cube.ide.mcu.externaltools.gnu-tools-for-stm32.14.3.rel1.win32_1.0.100.202602081740/tools/bin/../lib/gcc/arm-none-eabi/14.3.1/../../../../arm-none-eabi/lib/thumb/v7e-m+fp/hard\libc_nano.a(libc_a-exit.o)
                              C:/ST/STM32CubeIDE_2.2.0/STM32CubeIDE/plugins/com.st.stm32cube.ide.mcu.externaltools.gnu-tools-for-stm32.14.3.rel1.win32_1.0.100.202602081740/tools/bin/../lib/gcc/arm-none-eabi/14.3.1/../../../../arm-none-eabi/lib/thumb/v7e-m+fp/hard/crt0.o (exit)
C:/ST/STM32CubeIDE_2.2.0/STM32CubeIDE/plugins/com.st.stm32cube.ide.mcu.externaltools.gnu-tools-for-stm32.14.3.rel1.win32_1.0.100.202602081740/tools/bin/../lib/gcc/arm-none-eabi/14.3.1/../../../../arm-none-eabi/lib/thumb/v7e-m+fp/hard\libc_nano.a(libc_a-findfp.o)
                              C:/ST/STM32CubeIDE_2.2.0/STM32CubeIDE/plugins/com.st.stm32cube.ide.mcu.externaltools.gnu-tools-for-stm32.14.3.rel1.win32_1.0.100.202602081740/tools/bin/../lib/gcc/arm-none-eabi/14.3.1/../../../../arm-none-eabi/lib/thumb/v7e-m+fp/hard\libc_nano.a(libc_a-exit.o) (__stdio_exit_handler)
C:/ST/STM32CubeIDE_2.2.0/STM32CubeIDE/plugins/com.st.stm32cube.ide.mcu.externaltools.gnu-tools-for-stm32.14.3.rel1.win32_1.0.100.202602081740/tools/bin/../lib/gcc/arm-none-eabi/14.3.1/../../../../arm-none-eabi/lib/thumb/v7e-m+fp/hard\libc_nano.a(libc_a-fwalk.o)
                              C:/ST/STM32CubeIDE_2.2.0/STM32CubeIDE/plugins/com.st.stm32cube.ide.mcu.externaltools.gnu-tools-for-stm32.14.3.rel1.win32_1.0.100.202602081740/tools/bin/../lib/gcc/arm-none-eabi/14.3.1/../../../../arm-none-eabi/lib/thumb/v7e-m+fp/hard\libc_nano.a(libc_a-findfp.o) (_fwalk_sglue)
C:/ST/STM32CubeIDE_2.2.0/STM32CubeIDE/plugins/com.st.stm32cube.ide.mcu.externaltools.gnu-tools-for-stm32.14.3.rel1.win32_1.0.100.202602081740/tools/bin/../lib/gcc/arm-none-eabi/14.3.1/../../../../arm-none-eabi/lib/thumb/v7e-m+fp/hard\libc_nano.a(libc_a-stdio.o)
                              C:/ST/STM32CubeIDE_2.2.0/STM32CubeIDE/plugins/com.st.stm32cube.ide.mcu.externaltools.gnu-tools-for-stm32.14.3.rel1.win32_1.0.100.202602081740/tools/bin/../lib/gcc/arm-none-eabi/14.3.1/../../../../arm-none-eabi/lib/thumb/v7e-m+fp/hard\libc_nano.a(libc_a-findfp.o) (__sread)
C:/ST/STM32CubeIDE_2.2.0/STM32CubeIDE/plugins/com.st.stm32cube.ide.mcu.externaltools.gnu-tools-for-stm32.14.3.rel1.win32_1.0.100.202602081740/tools/bin/../lib/gcc/arm-none-eabi/14.3.1/../../../../arm-none-eabi/lib/thumb/v7e-m+fp/hard\libc_nano.a(libc_a-memset.o)
                              C:/ST/STM32CubeIDE_2.2.0/STM32CubeIDE/plugins/com.st.stm32cube.ide.mcu.externaltools.gnu-tools-for-stm32.14.3.rel1.win32_1.0.100.202602081740/tools/bin/../lib/gcc/arm-none-eabi/14.3.1/../../../../arm-none-eabi/lib/thumb/v7e-m+fp/hard/crt0.o (memset)
C:/ST/STM32CubeIDE_2.2.0/STM32CubeIDE/plugins/com.st.stm32cube.ide.mcu.externaltools.gnu-tools-for-stm32.14.3.rel1.win32_1.0.100.202602081740/tools/bin/../lib/gcc/arm-none-eabi/14.3.1/../../../../arm-none-eabi/lib/thumb/v7e-m+fp/hard\libc_nano.a(libc_a-closer.o)
                              C:/ST/STM32CubeIDE_2.2.0/STM32CubeIDE/plugins/com.st.stm32cube.ide.mcu.externaltools.gnu-tools-for-stm32.14.3.rel1.win32_1.0.100.202602081740/tools/bin/../lib/gcc/arm-none-eabi/14.3.1/../../../../arm-none-eabi/lib/thumb/v7e-m+fp/hard\libc_nano.a(libc_a-stdio.o) (_close_r)
C:/ST/STM32CubeIDE_2.2.0/STM32CubeIDE/plugins/com.st.stm32cube.ide.mcu.externaltools.gnu-tools-for-stm32.14.3.rel1.win32_1.0.100.202602081740/tools/bin/../lib/gcc/arm-none-eabi/14.3.1/../../../../arm-none-eabi/lib/thumb/v7e-m+fp/hard\libc_nano.a(libc_a-reent.o)
                              C:/ST/STM32CubeIDE_2.2.0/STM32CubeIDE/plugins/com.st.stm32cube.ide.mcu.externaltools.gnu-tools-for-stm32.14.3.rel1.win32_1.0.100.202602081740/tools/bin/../lib/gcc/arm-none-eabi/14.3.1/../../../../arm-none-eabi/lib/thumb/v7e-m+fp/hard\libc_nano.a(libc_a-closer.o) (errno)
C:/ST/STM32CubeIDE_2.2.0/STM32CubeIDE/plugins/com.st.stm32cube.ide.mcu.externaltools.gnu-tools-for-stm32.14.3.rel1.win32_1.0.100.202602081740/tools/bin/../lib/gcc/arm-none-eabi/14.3.1/../../../../arm-none-eabi/lib/thumb/v7e-m+fp/hard\libc_nano.a(libc_a-impure.o)
                              C:/ST/STM32CubeIDE_2.2.0/STM32CubeIDE/plugins/com.st.stm32cube.ide.mcu.externaltools.gnu-tools-for-stm32.14.3.rel1.win32_1.0.100.202602081740/tools/bin/../lib/gcc/arm-none-eabi/14.3.1/../../../../arm-none-eabi/lib/thumb/v7e-m+fp/hard\libc_nano.a(libc_a-reent.o) (_impure_ptr)
C:/ST/STM32CubeIDE_2.2.0/STM32CubeIDE/plugins/com.st.stm32cube.ide.mcu.externaltools.gnu-tools-for-stm32.14.3.rel1.win32_1.0.100.202602081740/tools/bin/../lib/gcc/arm-none-eabi/14.3.1/../../../../arm-none-eabi/lib/thumb/v7e-m+fp/hard\libc_nano.a(libc_a-lseekr.o)
[...]
Memory Configuration

Name             Origin             Length             Attributes
RAM              0x20000000         0x00020000         xrw
FLASH            0x08000000         0x00080000         xr
*default*        0x00000000         0xffffffff

Linker script and memory map

LOAD C:/ST/STM32CubeIDE_2.2.0/STM32CubeIDE/plugins/com.st.stm32cube.ide.mcu.externaltools.gnu-tools-for-stm32.14.3.rel1.win32_1.0.100.202602081740/tools/bin/../lib/gcc/arm-none-eabi/14.3.1/thumb/v7e-m+fp/hard/crti.o
LOAD C:/ST/STM32CubeIDE_2.2.0/STM32CubeIDE/plugins/com.st.stm32cube.ide.mcu.externaltools.gnu-tools-for-stm32.14.3.rel1.win32_1.0.100.202602081740/tools/bin/../lib/gcc/arm-none-eabi/14.3.1/thumb/v7e-m+fp/hard/crtbegin.o
LOAD C:/ST/STM32CubeIDE_2.2.0/STM32CubeIDE/plugins/com.st.stm32cube.ide.mcu.externaltools.gnu-tools-for-stm32.14.3.rel1.win32_1.0.100.202602081740/tools/bin/../lib/gcc/arm-none-eabi/14.3.1/../../../../arm-none-eabi/lib/thumb/v7e-m+fp/hard/crt0.o
LOAD ./Src/adc_driver.o
LOAD ./Src/dma_driver.o
LOAD ./Src/gpio_driver.o
LOAD ./Src/main.o
LOAD ./Src/syscalls.o
LOAD ./Src/sysmem.o
LOAD ./Src/systick_driver.o
LOAD ./Src/uart_driver.o
LOAD ./Startup/startup_stm32f446retx.o
START GROUP
LOAD C:/ST/STM32CubeIDE_2.2.0/STM32CubeIDE/plugins/com.st.stm32cube.ide.mcu.externaltools.gnu-tools-for-stm32.14.3.rel1.win32_1.0.100.202602081740/tools/bin/../lib/gcc/arm-none-eabi/14.3.1/../../../../arm-none-eabi/lib/thumb/v7e-m+fp/hard\libc_nano.a
LOAD C:/ST/STM32CubeIDE_2.2.0/STM32CubeIDE/plugins/com.st.stm32cube.ide.mcu.externaltools.gnu-tools-for-stm32.14.3.rel1.win32_1.0.100.202602081740/tools/bin/../lib/gcc/arm-none-eabi/14.3.1/../../../../arm-none-eabi/lib/thumb/v7e-m+fp/hard\libm.a
END GROUP
START GROUP
LOAD C:/ST/STM32CubeIDE_2.2.0/STM32CubeIDE/plugins/com.st.stm32cube.ide.mcu.externaltools.gnu-tools-for-stm32.14.3.rel1.win32_1.0.100.202602081740/tools/bin/../lib/gcc/arm-none-eabi/14.3.1/thumb/v7e-m+fp/hard\libgcc.a
LOAD C:/ST/STM32CubeIDE_2.2.0/STM32CubeIDE/plugins/com.st.stm32cube.ide.mcu.externaltools.gnu-tools-for-stm32.14.3.rel1.win32_1.0.100.202602081740/tools/bin/../lib/gcc/arm-none-eabi/14.3.1/../../../../arm-none-eabi/lib/thumb/v7e-m+fp/hard\libc_nano.a
END GROUP
START GROUP
LOAD C:/ST/STM32CubeIDE_2.2.0/STM32CubeIDE/plugins/com.st.stm32cube.ide.mcu.externaltools.gnu-tools-for-stm32.14.3.rel1.win32_1.0.100.202602081740/tools/bin/../lib/gcc/arm-none-eabi/14.3.1/thumb/v7e-m+fp/hard\libgcc.a
LOAD C:/ST/STM32CubeIDE_2.2.0/STM32CubeIDE/plugins/com.st.stm32cube.ide.mcu.externaltools.gnu-tools-for-stm32.14.3.rel1.win32_1.0.100.202602081740/tools/bin/../lib/gcc/arm-none-eabi/14.3.1/../../../../arm-none-eabi/lib/thumb/v7e-m+fp/hard\libc_nano.a
LOAD C:/ST/STM32CubeIDE_2.2.0/STM32CubeIDE/plugins/com.st.stm32cube.ide.mcu.externaltools.gnu-tools-for-stm32.14.3.rel1.win32_1.0.100.202602081740/tools/bin/../lib/gcc/arm-none-eabi/14.3.1/../../../../arm-none-eabi/lib/thumb/v7e-m+fp/hard\libnosys.a
END GROUP
START GROUP
LOAD C:/ST/STM32CubeIDE_2.2.0/STM32CubeIDE/plugins/com.st.stm32cube.ide.mcu.externaltools.gnu-tools-for-stm32.14.3.rel1.win32_1.0.100.202602081740/tools/bin/../lib/gcc/arm-none-eabi/14.3.1/thumb/v7e-m+fp/hard\libgcc.a
LOAD C:/ST/STM32CubeIDE_2.2.0/STM32CubeIDE/plugins/com.st.stm32cube.ide.mcu.externaltools.gnu-tools-for-stm32.14.3.rel1.win32_1.0.100.202602081740/tools/bin/../lib/gcc/arm-none-eabi/14.3.1/../../../../arm-none-eabi/lib/thumb/v7e-m+fp/hard\libc_nano.a
LOAD C:/ST/STM32CubeIDE_2.2.0/STM32CubeIDE/plugins/com.st.stm32cube.ide.mcu.externaltools.gnu-tools-for-stm32.14.3.rel1.win32_1.0.100.202602081740/tools/bin/../lib/gcc/arm-none-eabi/14.3.1/../../../../arm-none-eabi/lib/thumb/v7e-m+fp/hard\libnosys.a
END GROUP
LOAD C:/ST/STM32CubeIDE_2.2.0/STM32CubeIDE/plugins/com.st.stm32cube.ide.mcu.externaltools.gnu-tools-for-stm32.14.3.rel1.win32_1.0.100.202602081740/tools/bin/../lib/gcc/arm-none-eabi/14.3.1/thumb/v7e-m+fp/hard/crtend.o
LOAD C:/ST/STM32CubeIDE_2.2.0/STM32CubeIDE/plugins/com.st.stm32cube.ide.mcu.externaltools.gnu-tools-for-stm32.14.3.rel1.win32_1.0.100.202602081740/tools/bin/../lib/gcc/arm-none-eabi/14.3.1/thumb/v7e-m+fp/hard/crtn.o
                0x20020000                        _estack = (ORIGIN (RAM) + LENGTH (RAM))
                0x00000200                        _Min_Heap_Size = 0x200
                0x00000400                        _Min_Stack_Size = 0x400

.isr_vector     0x08000000      0x1c4
                0x08000000                        . = ALIGN (0x4)
 *(.isr_vector)
 .isr_vector    0x08000000      0x1c4 ./Startup/startup_stm32f446retx.o
                0x08000000                g_pfnVectors
                0x080001c4                        . = ALIGN (0x4)

.text           0x080001c4      0x9b8
                0x080001c4                        . = ALIGN (0x4)
 *(.text)
 .text          0x080001c4       0x40 C:/ST/STM32CubeIDE_2.2.0/STM32CubeIDE/plugins/com.st.stm32cube.ide.mcu.externaltools.gnu-tools-for-stm32.14.3.rel1.win32_1.0.100.202602081740/tools/bin/../lib/gcc/arm-none-eabi/14.3.1/thumb/v7e-m+fp/hard/crtbegin.o
 *(.text*)
 .text.ADC_Init
                0x08000204       0x8c ./Src/adc_driver.o
                0x08000204                ADC_Init
 .text.__NVIC_EnableIRQ
                0x08000290       0x3c ./Src/dma_driver.o
 .text.DMA2_Stream0_Init
                0x080002cc      0x160 ./Src/dma_driver.o
                0x080002cc                DMA2_Stream0_Init
 .text.DMA2_Stream0_IRQHandler
                0x0800042c       0xa0 ./Src/dma_driver.o
                0x0800042c                DMA2_Stream0_IRQHandler
 .text.DMA_TransferComplete
                0x080004cc       0x28 ./Src/dma_driver.o
                0x080004cc                DMA_TransferComplete
 .text.DMA_HalfTransferComplete
                0x080004f4       0x28 ./Src/dma_driver.o
                0x080004f4                DMA_HalfTransferComplete
 .text.DMA_TransferError
                0x0800051c       0x28 ./Src/dma_driver.o
                0x0800051c                DMA_TransferError
 .text.DMA_DirectError
                0x08000544       0x28 ./Src/dma_driver.o
                0x08000544                DMA_DirectError
 .text.DMA_FifoError
                0x0800056c       0x28 ./Src/dma_driver.o
                0x0800056c                DMA_FifoError
 .text.DMA2_Stream0_Stop
                0x08000594       0x30 ./Src/dma_driver.o
                0x08000594                DMA2_Stream0_Stop
 .text.DMA2_Stream0_Start
                0x080005c4       0x20 ./Src/dma_driver.o
                0x080005c4                DMA2_Stream0_Start
 .text.DMA_FifoStatus
                0x080005e4       0x28 ./Src/dma_driver.o
                0x080005e4                DMA_FifoStatus
 .text.DMA_GetCompletedBuffer
                0x0800060c       0x2c ./Src/dma_driver.o
                0x0800060c                DMA_GetCompletedBuffer
 .text.DMA_GetCurrentBuffer
                0x08000638       0x2c ./Src/dma_driver.o
                0x08000638                DMA_GetCurrentBuffer
 .text.GPIO_Init
                0x08000664       0x4c ./Src/gpio_driver.o
                0x08000664                GPIO_Init
 .text.main     0x080006b0      0x234 ./Src/main.o
                0x080006b0                main
 .text.SysTick_Init
                0x080008e4       0x28 ./Src/systick_driver.o
                0x080008e4                SysTick_Init
 .text.SysTick_DelayMs
                0x0800090c       0x2a ./Src/systick_driver.o
                0x0800090c                SysTick_DelayMs
 *fill*         0x08000936        0x2 
 .text.SysTick_Handler
                0x08000938       0x1c ./Src/systick_driver.o
                0x08000938                SysTick_Handler
 .text.SysTick_Millis
                0x08000954       0x18 ./Src/systick_driver.o
                0x08000954                SysTick_Millis
 .text.UART_Init
                0x0800096c       0x78 ./Src/uart_driver.o
                0x0800096c                UART_Init
 .text.UART_WriteChar
                0x080009e4       0x30 ./Src/uart_driver.o
                0x080009e4                UART_WriteChar
 .text.UART_WriteString
                0x08000a14       0x2c ./Src/uart_driver.o
                0x08000a14                UART_WriteString
 .text.UART_WriteInt
                0x08000a40       0x88 ./Src/uart_driver.o
                0x08000a40                UART_WriteInt
 .text.Reset_Handler
                0x08000ac8       0x50 ./Startup/startup_stm32f446retx.o
                0x08000ac8                Reset_Handler
 .text.Default_Handler
                0x08000b18        0x2 ./Startup/startup_stm32f446retx.o
                0x08000b18                RTC_Alarm_IRQHandler
                0x08000b18                EXTI2_IRQHandler
                0x08000b18                TIM8_CC_IRQHandler
                0x08000b18                SPDIF_Rx_IRQHandler
                0x08000b18                DebugMon_Handler
                0x08000b18                SPI4_IRQHandler
                0x08000b18                TIM1_CC_IRQHandler
                0x08000b18                QuadSPI_IRQHandler
                0x08000b18                DMA2_Stream5_IRQHandler
                0x08000b18                HardFault_Handler
                0x08000b18                DMA1_Stream5_IRQHandler
                0x08000b18                PVD_IRQHandler
                0x08000b18                SDIO_IRQHandler
                0x08000b18                TAMP_STAMP_IRQHandler
                0x08000b18                PendSV_Handler
                0x08000b18                NMI_Handler
                0x08000b18                CAN2_RX1_IRQHandler
                0x08000b18                EXTI3_IRQHandler
                0x08000b18                TIM8_TRG_COM_TIM14_IRQHandler
                0x08000b18                TIM1_UP_TIM10_IRQHandler
                0x08000b18                FMPI2C1_error_IRQHandler
                0x08000b18                TIM8_UP_TIM13_IRQHandler
                0x08000b18                I2C3_ER_IRQHandler
                0x08000b18                EXTI0_IRQHandler
                0x08000b18                I2C2_EV_IRQHandler
                0x08000b18                DMA1_Stream2_IRQHandler
                0x08000b18                CAN1_RX0_IRQHandler
                0x08000b18                OTG_HS_WKUP_IRQHandler
                0x08000b18                UsageFault_Handler
                0x08000b18                CAN2_SCE_IRQHandler
                0x08000b18                DMA2_Stream2_IRQHandler
                0x08000b18                SPI1_IRQHandler
                0x08000b18                TIM6_DAC_IRQHandler
                0x08000b18                TIM1_BRK_TIM9_IRQHandler
                0x08000b18                DCMI_IRQHandler
                0x08000b18                CAN2_RX0_IRQHandler
                0x08000b18                DMA2_Stream3_IRQHandler
                0x08000b18                FMPI2C1_IRQHandler
                0x08000b18                SAI2_IRQHandler
                0x08000b18                USART6_IRQHandler
                0x08000b18                USART3_IRQHandler
                0x08000b18                CAN1_RX1_IRQHandler
                0x08000b18                UART5_IRQHandler
                0x08000b18                TIM4_IRQHandler
                0x08000b18                I2C1_EV_IRQHandler
                0x08000b18                HDMI_CEC_IRQHandler
                0x08000b18                DMA1_Stream6_IRQHandler
                0x08000b18                DMA1_Stream1_IRQHandler
                0x08000b18                UART4_IRQHandler
                0x08000b18                TIM3_IRQHandler
                0x08000b18                RCC_IRQHandler
                0x08000b18                TIM8_BRK_TIM12_IRQHandler
                0x08000b18                Default_Handler
                0x08000b18                EXTI15_10_IRQHandler
                0x08000b18                ADC_IRQHandler
                0x08000b18                DMA1_Stream7_IRQHandler
                0x08000b18                TIM7_IRQHandler
                0x08000b18                CAN2_TX_IRQHandler
                0x08000b18                TIM5_IRQHandler
                0x08000b18                DMA2_Stream7_IRQHandler
                0x08000b18                I2C3_EV_IRQHandler
                0x08000b18                EXTI9_5_IRQHandler
                0x08000b18                RTC_WKUP_IRQHandler
                0x08000b18                SPI2_IRQHandler
                0x08000b18                OTG_HS_EP1_IN_IRQHandler
                0x08000b18                MemManage_Handler
                0x08000b18                DMA1_Stream0_IRQHandler
                0x08000b18                CAN1_TX_IRQHandler
                0x08000b18                SVC_Handler
                0x08000b18                EXTI4_IRQHandler
                0x08000b18                OTG_HS_EP1_OUT_IRQHandler
                0x08000b18                WWDG_IRQHandler
                0x08000b18                TIM2_IRQHandler
                0x08000b18                OTG_FS_WKUP_IRQHandler
                0x08000b18                TIM1_TRG_COM_TIM11_IRQHandler
                0x08000b18                OTG_HS_IRQHandler
                0x08000b18                EXTI1_IRQHandler
                0x08000b18                USART2_IRQHandler
                0x08000b18                I2C2_ER_IRQHandler
                0x08000b18                DMA2_Stream1_IRQHandler
                0x08000b18                CAN1_SCE_IRQHandler
                0x08000b18                FLASH_IRQHandler
                0x08000b18                DMA2_Stream4_IRQHandler
                0x08000b18                BusFault_Handler
                0x08000b18                USART1_IRQHandler
                0x08000b18                OTG_FS_IRQHandler
                0x08000b18                SPI3_IRQHandler
                0x08000b18                DMA1_Stream4_IRQHandler
                0x08000b18                I2C1_ER_IRQHandler
                0x08000b18                FMC_IRQHandler
                0x08000b18                DMA2_Stream6_IRQHandler
                0x08000b18                SAI1_IRQHandler
                0x08000b18                DMA1_Stream3_IRQHandler
 *fill*         0x08000b1a        0x2 
 .text.__libc_init_array
                0x08000b1c       0x48 C:/ST/STM32CubeIDE_2.2.0/STM32CubeIDE/plugins/com.st.stm32cube.ide.mcu.externaltools.gnu-tools-for-stm32.14.3.rel1.win32_1.0.100.202602081740/tools/bin/../lib/gcc/arm-none-eabi/14.3.1/../../../../arm-none-eabi/lib/thumb/v7e-m+fp/hard\libc_nano.a(libc_a-init.o)
                0x08000b1c                __libc_init_array
 *(.glue_7)
 .glue_7        0x08000b64        0x0 linker stubs
 *(.glue_7t)
 .glue_7t       0x08000b64        0x0 linker stubs
 *(.eh_frame)
 .eh_frame      0x08000b64        0x0 C:/ST/STM32CubeIDE_2.2.0/STM32CubeIDE/plugins/com.st.stm32cube.ide.mcu.externaltools.gnu-tools-for-stm32.14.3.rel1.win32_1.0.100.202602081740/tools/bin/../lib/gcc/arm-none-eabi/14.3.1/thumb/v7e-m+fp/hard/crtbegin.o
 *(.init)
 .init          0x08000b64        0x4 C:/ST/STM32CubeIDE_2.2.0/STM32CubeIDE/plugins/com.st.stm32cube.ide.mcu.externaltools.gnu-tools-for-stm32.14.3.rel1.win32_1.0.100.202602081740/tools/bin/../lib/gcc/arm-none-eabi/14.3.1/thumb/v7e-m+fp/hard/crti.o
                0x08000b64                _init
 .init          0x08000b68        0x8 C:/ST/STM32CubeIDE_2.2.0/STM32CubeIDE/plugins/com.st.stm32cube.ide.mcu.externaltools.gnu-tools-for-stm32.14.3.rel1.win32_1.0.100.202602081740/tools/bin/../lib/gcc/arm-none-eabi/14.3.1/thumb/v7e-m+fp/hard/crtn.o
 *(.fini)
 .fini          0x08000b70        0x4 C:/ST/STM32CubeIDE_2.2.0/STM32CubeIDE/plugins/com.st.stm32cube.ide.mcu.externaltools.gnu-tools-for-stm32.14.3.rel1.win32_1.0.100.202602081740/tools/bin/../lib/gcc/arm-none-eabi/14.3.1/thumb/v7e-m+fp/hard/crti.o
                0x08000b70                _fini
 .fini          0x08000b74        0x8 C:/ST/STM32CubeIDE_2.2.0/STM32CubeIDE/plugins/com.st.stm32cube.ide.mcu.externaltools.gnu-tools-for-stm32.14.3.rel1.win32_1.0.100.202602081740/tools/bin/../lib/gcc/arm-none-eabi/14.3.1/thumb/v7e-m+fp/hard/crtn.o
                0x08000b7c                        . = ALIGN (0x4)
                0x08000b7c                        _etext = .

.vfp11_veneer   0x08000b7c        0x0
 .vfp11_veneer  0x08000b7c        0x0 linker stubs

.v4_bx          0x08000b7c        0x0
 .v4_bx         0x08000b7c        0x0 linker stubs

.iplt           0x08000b7c        0x0
 .iplt          0x08000b7c        0x0 C:/ST/STM32CubeIDE_2.2.0/STM32CubeIDE/plugins/com.st.stm32cube.ide.mcu.externaltools.gnu-tools-for-stm32.14.3.rel1.win32_1.0.100.202602081740/tools/bin/../lib/gcc/arm-none-eabi/14.3.1/thumb/v7e-m+fp/hard/crtbegin.o

.rodata         0x08000b7c       0xd8
                0x08000b7c                        . = ALIGN (0x4)
 *(.rodata)
 .rodata        0x08000b7c       0xd6 ./Src/main.o
 *(.rodata*)
                0x08000c54                        . = ALIGN (0x4)
 *fill*         0x08000c52        0x2 

.ARM.extab      0x08000c54        0x0
                0x08000c54                        . = ALIGN (0x4)
 *(.ARM.extab* .gnu.linkonce.armextab.*)
                0x08000c54                        . = ALIGN (0x4)

.ARM            0x08000c54        0x0
                0x08000c54                        . = ALIGN (0x4)
                0x08000c54                        __exidx_start = .
 *(.ARM.exidx*)
                0x08000c54                        __exidx_end = .
                0x08000c54                        . = ALIGN (0x4)

.preinit_array  0x08000c54        0x0
                0x08000c54                        . = ALIGN (0x4)
                0x08000c54                        PROVIDE (__preinit_array_start = .)
 *(.preinit_array*)
                0x08000c54                        PROVIDE (__preinit_array_end = .)
                0x08000c54                        . = ALIGN (0x4)

.init_array     0x08000c54        0x4
                0x08000c54                        . = ALIGN (0x4)
                0x08000c54                        PROVIDE (__init_array_start = .)
 *(SORT_BY_NAME(.init_array.*))
 *(.init_array*)
 .init_array    0x08000c54        0x4 C:/ST/STM32CubeIDE_2.2.0/STM32CubeIDE/plugins/com.st.stm32cube.ide.mcu.externaltools.gnu-tools-for-stm32.14.3.rel1.win32_1.0.100.202602081740/tools/bin/../lib/gcc/arm-none-eabi/14.3.1/thumb/v7e-m+fp/hard/crtbegin.o
                0x08000c58                        PROVIDE (__init_array_end = .)
                0x08000c58                        . = ALIGN (0x4)

.fini_array     0x08000c58        0x4
                0x08000c58                        . = ALIGN (0x4)
                [!provide]                        PROVIDE (__fini_array_start = .)
 *(SORT_BY_NAME(.fini_array.*))
 *(.fini_array*)
 .fini_array    0x08000c58        0x4 C:/ST/STM32CubeIDE_2.2.0/STM32CubeIDE/plugins/com.st.stm32cube.ide.mcu.externaltools.gnu-tools-for-stm32.14.3.rel1.win32_1.0.100.202602081740/tools/bin/../lib/gcc/arm-none-eabi/14.3.1/thumb/v7e-m+fp/hard/crtbegin.o
                [!provide]                        PROVIDE (__fini_array_end = .)
                0x08000c5c                        . = ALIGN (0x4)
                0x08000c5c                        _sidata = LOADADDR (.data)

.rel.dyn        0x08000c5c        0x0
 .rel.iplt      0x08000c5c        0x0 C:/ST/STM32CubeIDE_2.2.0/STM32CubeIDE/plugins/com.st.stm32cube.ide.mcu.externaltools.gnu-tools-for-stm32.14.3.rel1.win32_1.0.100.202602081740/tools/bin/../lib/gcc/arm-none-eabi/14.3.1/thumb/v7e-m+fp/hard/crtbegin.o

.data           0x20000000        0x0 load address 0x08000c5c
                0x20000000                        . = ALIGN (0x4)
                0x20000000                        _sdata = .
 *(.data)
 *(.data*)
 *(.RamFunc)
 *(.RamFunc*)
                0x20000000                        . = ALIGN (0x4)
                0x20000000                        _edata = .

.igot.plt       0x20000000        0x0 load address 0x08000c5c
 .igot.plt      0x20000000        0x0 C:/ST/STM32CubeIDE_2.2.0/STM32CubeIDE/plugins/com.st.stm32cube.ide.mcu.externaltools.gnu-tools-for-stm32.14.3.rel1.win32_1.0.100.202602081740/tools/bin/../lib/gcc/arm-none-eabi/14.3.1/thumb/v7e-m+fp/hard/crtbegin.o
                0x20000000                        . = ALIGN (0x4)

.bss            0x20000000       0x48 load address 0x08000c5c
                0x20000000                        _sbss = .
                0x20000000                        __bss_start__ = _sbss
 *(.bss)
 .bss           0x20000000       0x1c C:/ST/STM32CubeIDE_2.2.0/STM32CubeIDE/plugins/com.st.stm32cube.ide.mcu.externaltools.gnu-tools-for-stm32.14.3.rel1.win32_1.0.100.202602081740/tools/bin/../lib/gcc/arm-none-eabi/14.3.1/thumb/v7e-m+fp/hard/crtbegin.o
 *(.bss*)
 .bss.dma_transfer_complete
                0x2000001c        0x1 ./Src/dma_driver.o
 .bss.dma_half_transfer
                0x2000001d        0x1 ./Src/dma_driver.o
 .bss.dma_transfer_error
                0x2000001e        0x1 ./Src/dma_driver.o
 .bss.dma_direct_error
                0x2000001f        0x1 ./Src/dma_driver.o
 .bss.dma_fifo_error
                0x20000020        0x1 ./Src/dma_driver.o
 *fill*         0x20000021        0x3 
 .bss.adc_buffer0
                0x20000024       0x10 ./Src/main.o
                0x20000024                adc_buffer0
 .bss.adc_buffer1
                0x20000034       0x10 ./Src/main.o
                0x20000034                adc_buffer1
 .bss.tickCount
                0x20000044        0x4 ./Src/systick_driver.o
 *(COMMON)
                0x20000048                        . = ALIGN (0x4)
                0x20000048                        _ebss = .
                0x20000048                        __bss_end__ = _ebss

._user_heap_stack
                0x20000048      0x600 load address 0x08000c5c
                0x20000048                        . = ALIGN (0x8)
                [!provide]                        PROVIDE (end = .)
                0x20000048                        PROVIDE (_end = .)
                0x20000248                        . = (. + _Min_Heap_Size)
 *fill*         0x20000048      0x200 
                0x20000648                        . = (. + _Min_Stack_Size)
 *fill*         0x20000248      0x400 
                0x20000648                        . = ALIGN (0x8)

/DISCARD/
 libc.a(*)
 libm.a(*)
 libgcc.a(*)

.ARM.attributes
                0x00000000       0x30
 *(.ARM.attributes)
 .ARM.attributes
                0x00000000       0x22 C:/ST/STM32CubeIDE_2.2.0/STM32CubeIDE/plugins/com.st.stm32cube.ide.mcu.externaltools.gnu-tools-for-stm32.14.3.rel1.win32_1.0.100.202602081740/tools/bin/../lib/gcc/arm-none-eabi/14.3.1/thumb/v7e-m+fp/hard/crti.o
 .ARM.attributes
                0x00000022       0x34 C:/ST/STM32CubeIDE_2.2.0/STM32CubeIDE/plugins/com.st.stm32cube.ide.mcu.externaltools.gnu-tools-for-stm32.14.3.rel1.win32_1.0.100.202602081740/tools/bin/../lib/gcc/arm-none-eabi/14.3.1/thumb/v7e-m+fp/hard/crtbegin.o
 .ARM.attributes
                0x00000056       0x34 ./Src/adc_driver.o
 .ARM.attributes
                0x0000008a       0x34 ./Src/dma_driver.o
 .ARM.attributes
                0x000000be       0x34 ./Src/gpio_driver.o
 .ARM.attributes
                0x000000f2       0x34 ./Src/main.o
 .ARM.attributes
                0x00000126       0x34 ./Src/systick_driver.o
 .ARM.attributes
                0x0000015a       0x34 ./Src/uart_driver.o
 .ARM.attributes
                0x0000018e       0x21 ./Startup/startup_stm32f446retx.o
 .ARM.attributes
                0x000001af       0x34 C:/ST/STM32CubeIDE_2.2.0/STM32CubeIDE/plugins/com.st.stm32cube.ide.mcu.externaltools.gnu-tools-for-stm32.14.3.rel1.win32_1.0.100.202602081740/tools/bin/../lib/gcc/arm-none-eabi/14.3.1/../../../../arm-none-eabi/lib/thumb/v7e-m+fp/hard\libc_nano.a(libc_a-init.o)
 .ARM.attributes
                0x000001e3       0x22 C:/ST/STM32CubeIDE_2.2.0/STM32CubeIDE/plugins/com.st.stm32cube.ide.mcu.externaltools.gnu-tools-for-stm32.14.3.rel1.win32_1.0.100.202602081740/tools/bin/../lib/gcc/arm-none-eabi/14.3.1/thumb/v7e-m+fp/hard/crtn.o
OUTPUT(dma_data_logger.elf elf32-littlearm)
LOAD linker stubs
LOAD C:/ST/STM32CubeIDE_2.2.0/STM32CubeIDE/plugins/com.st.stm32cube.ide.mcu.externaltools.gnu-tools-for-stm32.14.3.rel1.win32_1.0.100.202602081740/tools/bin/../lib/gcc/arm-none-eabi/14.3.1/../../../../arm-none-eabi/lib/thumb/v7e-m+fp/hard\libc.a
LOAD C:/ST/STM32CubeIDE_2.2.0/STM32CubeIDE/plugins/com.st.stm32cube.ide.mcu.externaltools.gnu-tools-for-stm32.14.3.rel1.win32_1.0.100.202602081740/tools/bin/../lib/gcc/arm-none-eabi/14.3.1/../../../../arm-none-eabi/lib/thumb/v7e-m+fp/hard\libm.a
LOAD C:/ST/STM32CubeIDE_2.2.0/STM32CubeIDE/plugins/com.st.stm32cube.ide.mcu.externaltools.gnu-tools-for-stm32.14.3.rel1.win32_1.0.100.202602081740/tools/bin/../lib/gcc/arm-none-eabi/14.3.1/thumb/v7e-m+fp/hard\libgcc.a

.debug_info     0x00000000     0x198a
 .debug_info    0x00000000      0x40c ./Src/adc_driver.o
 .debug_info    0x0000040c      0x8b5 ./Src/dma_driver.o
 .debug_info    0x00000cc1      0x382 ./Src/gpio_driver.o
 .debug_info    0x00001043      0x3ab ./Src/main.o
 .debug_info    0x000013ee      0x157 ./Src/systick_driver.o
 .debug_info    0x00001545      0x415 ./Src/uart_driver.o
 .debug_info    0x0000195a       0x30 ./Startup/startup_stm32f446retx.o

.debug_abbrev   0x00000000      0x7ed
 .debug_abbrev  0x00000000      0x106 ./Src/adc_driver.o
 .debug_abbrev  0x00000106      0x211 ./Src/dma_driver.o
 .debug_abbrev  0x00000317      0x102 ./Src/gpio_driver.o
 .debug_abbrev  0x00000419      0x165 ./Src/main.o
 .debug_abbrev  0x0000057e       0xff ./Src/systick_driver.o
 .debug_abbrev  0x0000067d      0x14c ./Src/uart_driver.o
 .debug_abbrev  0x000007c9       0x24 ./Startup/startup_stm32f446retx.o

.debug_aranges  0x00000000      0x1a0
 .debug_aranges
                0x00000000       0x28 ./Src/adc_driver.o
 .debug_aranges
                0x00000028       0x80 ./Src/dma_driver.o
 .debug_aranges
                0x000000a8       0x40 ./Src/gpio_driver.o
 .debug_aranges
                0x000000e8       0x20 ./Src/main.o
 .debug_aranges
                0x00000108       0x38 ./Src/systick_driver.o
 .debug_aranges
                0x00000140       0x38 ./Src/uart_driver.o
 .debug_aranges
                0x00000178       0x28 ./Startup/startup_stm32f446retx.o

.debug_rnglists
                0x00000000      0x11a
 .debug_rnglists
                0x00000000       0x1a ./Src/adc_driver.o
 .debug_rnglists
                0x0000001a       0x5d ./Src/dma_driver.o
 .debug_rnglists
                0x00000077       0x2b ./Src/gpio_driver.o
 .debug_rnglists
                0x000000a2       0x14 ./Src/main.o
 .debug_rnglists
                0x000000b6       0x25 ./Src/systick_driver.o
 .debug_rnglists
                0x000000db       0x26 ./Src/uart_driver.o
 .debug_rnglists
                0x00000101       0x19 ./Startup/startup_stm32f446retx.o

.debug_macro    0x00000000    0x1903a
 .debug_macro   0x00000000       0xea ./Src/adc_driver.o
 .debug_macro   0x000000ea      0xaea ./Src/adc_driver.o
 .debug_macro   0x00000bd4       0x28 ./Src/adc_driver.o
 .debug_macro   0x00000bfc       0x28 ./Src/adc_driver.o
 .debug_macro   0x00000c24       0x22 ./Src/adc_driver.o
 .debug_macro   0x00000c46       0x8e ./Src/adc_driver.o
 .debug_macro   0x00000cd4       0x51 ./Src/adc_driver.o
 .debug_macro   0x00000d25      0x103 ./Src/adc_driver.o
 .debug_macro   0x00000e28       0x6a ./Src/adc_driver.o
 .debug_macro   0x00000e92      0x1df ./Src/adc_driver.o
 .debug_macro   0x00001071       0x1c ./Src/adc_driver.o
 .debug_macro   0x0000108d       0x22 ./Src/adc_driver.o
 .debug_macro   0x000010af       0xfb ./Src/adc_driver.o
 .debug_macro   0x000011aa     0x1011 ./Src/adc_driver.o
 .debug_macro   0x000021bb      0x11f ./Src/adc_driver.o
 .debug_macro   0x000022da    0x16749 ./Src/adc_driver.o
 .debug_macro   0x00018a23       0x6d ./Src/adc_driver.o
 .debug_macro   0x00018a90      0x1bc ./Src/dma_driver.o
 .debug_macro   0x00018c4c       0xf0 ./Src/gpio_driver.o
 .debug_macro   0x00018d3c      0x100 ./Src/main.o
 .debug_macro   0x00018e3c       0xf0 ./Src/systick_driver.o
 .debug_macro   0x00018f2c      0x10e ./Src/uart_driver.o

.debug_line     0x00000000     0x2676
 .debug_line    0x00000000      0x5b4 ./Src/adc_driver.o
 .debug_line    0x000005b4      0x7fe ./Src/dma_driver.o
 .debug_line    0x00000db2      0x5ea ./Src/gpio_driver.o
 .debug_line    0x0000139c      0x68e ./Src/main.o
 .debug_line    0x00001a2a      0x5ba ./Src/systick_driver.o
 .debug_line    0x00001fe4      0x617 ./Src/uart_driver.o
 .debug_line    0x000025fb       0x7b ./Startup/startup_stm32f446retx.o

.debug_str      0x00000000    0x8bf9e
 .debug_str     0x00000000    0x8bf9e ./Src/adc_driver.o
                              0x8b2f8 (size before relaxing)
 .debug_str     0x0008bf9e    0x8bd3f ./Src/dma_driver.o
 .debug_str     0x0008bf9e    0x8b313 ./Src/gpio_driver.o
 .debug_str     0x0008bf9e    0x8b311 ./Src/main.o
 .debug_str     0x0008bf9e    0x8b1ba ./Src/systick_driver.o
 .debug_str     0x0008bf9e    0x8b33b ./Src/uart_driver.o
 .debug_str     0x0008bf9e       0x7c ./Startup/startup_stm32f446retx.o

.comment        0x00000000       0x43
 .comment       0x00000000       0x43 ./Src/adc_driver.o
                                 0x44 (size before relaxing)
 .comment       0x00000043       0x44 ./Src/dma_driver.o
 .comment       0x00000043       0x44 ./Src/gpio_driver.o
 .comment       0x00000043       0x44 ./Src/main.o
 .comment       0x00000043       0x44 ./Src/systick_driver.o
 .comment       0x00000043       0x44 ./Src/uart_driver.o

.debug_frame    0x00000000      0x40c
 .debug_frame   0x00000000       0x48 ./Src/adc_driver.o
 .debug_frame   0x00000048      0x1a4 ./Src/dma_driver.o
 .debug_frame   0x000001ec       0xa4 ./Src/gpio_driver.o
 .debug_frame   0x00000290       0x30 ./Src/main.o
 .debug_frame   0x000002c0       0x88 ./Src/systick_driver.o
 .debug_frame   0x00000348       0x98 ./Src/uart_driver.o
 .debug_frame   0x000003e0       0x2c C:/ST/STM32CubeIDE_2.2.0/STM32CubeIDE/plugins/com.st.stm32cube.ide.mcu.externaltools.gnu-tools-for-stm32.14.3.rel1.win32_1.0.100.202602081740/tools/bin/../lib/gcc/arm-none-eabi/14.3.1/../../../../arm-none-eabi/lib/thumb/v7e-m+fp/hard\libc_nano.a(libc_a-init.o)

.debug_line_str
                0x00000000       0x60
 .debug_line_str
                0x00000000       0x60 ./Startup/startup_stm32f446retx.o
